⚠ Turbopack's filesystem cache has been deleted because we previously detected an internal error in Turbopack. Builds or page loads may be slower as a result.
⚠ Unsupported metadata viewport is configured in metadata export in /. Please move it to viewport export instead.
Read more: https://nextjs.org/docs/app/api-reference/functions/generate-viewport
⚠ Unsupported metadata viewport is configured in metadata export in /. Please move it to viewport export instead.
Read more: https://nextjs.org/docs/app/api-reference/functions/generate-viewport
⚠ Unsupported metadata viewport is configured in metadata export in /. Please move it to viewport export instead.
Read more: https://nextjs.org/docs/app/api-reference/functions/generate-viewport
⚠ Fast Refresh had to perform a full reload when ./lib/config.ts changed. Read more: https://nextjs.org/docs/messages/fast-refresh-reload
⚠ Unsupported metadata viewport is configured in metadata export in /. Please move it to viewport export instead.
Read more: https://nextjs.org/docs/app/api-reference/functions/generate-viewport
⚠ Fast Refresh had to perform a full reload when ./lib/config.ts changed. Read more: https://nextjs.org/docs/messages/fast-refresh-reload
⚠ Unsupported metadata viewport is configured in metadata export in /. Please move it to viewport export instead.
Read more: https://nextjs.org/docs/app/api-reference/functions/generate-viewport
⚠ Unsupported metadata viewport is configured in metadata export in /. Please move it to viewport export instead.
Read more: https://nextjs.org/docs/app/api-reference/functions/generate-viewport
⚠ Unsupported metadata viewport is configured in metadata export in /. Please move it to viewport export instead.
Read more: https://nextjs.org/docs/app/api-reference/functions/generate-viewport
⚠ Unsupported metadata viewport is configured in metadata export in /. Please move it to viewport export instead.
Read more: https://nextjs.org/docs/app/api-reference/functions/generate-viewport
⚠ Fast Refresh had to perform a full reload when ./lib/config.ts changed. Read more: https://nextjs.org/docs/messages/fast-refresh-reload
⚠ Unsupported metadata viewport is configured in metadata export in /. Please move it to viewport export instead.
Read more: https://nextjs.org/docs/app/api-reference/functions/generate-viewport
⚠ Unsupported metadata viewport is configured in metadata export in /. Please move it to viewport export instead.
Read more: https://nextjs.org/docs/app/api-reference/functions/generate-viewport
⚠ Unsupported metadata viewport is configured in metadata export in /. Please move it to viewport export instead.
Read more: https://nextjs.org/docs/app/api-reference/functions/generate-viewport
⚠ Unsupported metadata viewport is configured in metadata export in /. Please move it to viewport export instead.
Read more: https://nextjs.org/docs/app/api-reference/functions/generate-viewport
⚠ Unsupported metadata viewport is configured in metadata export in /. Please move it to viewport export instead.
Read more: https://nextjs.org/docs/app/api-reference/functions/generate-viewport
⚠ Unsupported metadata viewport is configured in metadata export in /. Please move it to viewport export instead.
Read more: https://nextjs.org/docs/app/api-reference/functions/generate-viewport
⚠ Unsupported metadata viewport is configured in metadata export in /. Please move it to viewport export instead.
Read more: https://nextjs.org/docs/app/api-reference/functions/generate-viewport
⚠ Unsupported metadata viewport is configured in metadata export in /. Please move it to viewport export instead.
Read more: https://nextjs.org/docs/app/api-reference/functions/generate-viewport
⚠ Unsupported metadata viewport is configured in metadata export in /. Please move it to viewport export instead.
Read more: https://nextjs.org/docs/app/api-reference/functions/generate-viewport
⚠ Unsupported metadata viewport is configured in metadata export in /. Please move it to viewport export instead.
Read more: https://nextjs.org/docs/app/api-reference/functions/generate-viewport
⚠ Unsupported metadata viewport is configured in metadata export in /. Please move it to viewport export instead.
Read more: https://nextjs.org/docs/app/api-reference/functions/generate-viewport
⚠ Unsupported metadata viewport is configured in metadata export in /. Please move it to viewport export instead.
Read more: https://nextjs.org/docs/app/api-reference/functions/generate-viewport
⚠ Unsupported metadata viewport is configured in metadata export in /. Please move it to viewport export instead.
Read more: https://nextjs.org/docs/app/api-reference/functions/generate-viewport
⚠ Unsupported metadata viewport is configured in metadata export in /. Please move it to viewport export instead.
Read more: https://nextjs.org/docs/app/api-reference/functions/generate-viewport
⚠ Unsupported metadata viewport is configured in metadata export in /. Please move it to viewport export instead.
Read more: https://nextjs.org/docs/app/api-reference/functions/generate-viewport
⚠ Unsupported metadata viewport is configured in metadata export in /. Please move it to viewport export instead.
Read more: https://nextjs.org/docs/app/api-reference/functions/generate-viewport
⚠ Unsupported metadata viewport is configured in metadata export in /. Please move it to viewport export instead.
Read more: https://nextjs.org/docs/app/api-reference/functions/generate-viewport
⚠ Unsupported metadata viewport is configured in metadata export in /. Please move it to viewport export instead.
Read more: https://nextjs.org/docs/app/api-reference/functions/generate-viewport
[export-quote] Error: GOOGLE_SERVICE_ACCOUNT_EMAIL and GOOGLE_SERVICE_ACCOUNT_PRIVATE_KEY are required.
    at getAccessToken (lib\google-quote-export.ts:67:11)
    at exportQuoteToGoogleSheet (lib\google-quote-export.ts:256:23)
    at POST (app\api\export-quote\route.ts:15:50)
  65 |
  66 |   if (!clientEmail || !privateKey) {
> 67 |     throw new Error("GOOGLE_SERVICE_ACCOUNT_EMAIL and GOOGLE_SERVICE_ACCOUNT_PRIVATE_KEY are required.");
     |           ^
  68 |   }
  69 |
  70 |   const now = Math.floor(Date.now() / 1000);
[export-quote] Error: GOOGLE_SERVICE_ACCOUNT_EMAIL and GOOGLE_SERVICE_ACCOUNT_PRIVATE_KEY are required.
    at getAccessToken (lib\google-quote-export.ts:67:11)
    at exportQuoteToGoogleSheet (lib\google-quote-export.ts:256:23)
    at POST (app\api\export-quote\route.ts:15:50)
  65 |
  66 |   if (!clientEmail || !privateKey) {
> 67 |     throw new Error("GOOGLE_SERVICE_ACCOUNT_EMAIL and GOOGLE_SERVICE_ACCOUNT_PRIVATE_KEY are required.");
     |           ^
  68 |   }
  69 |
  70 |   const now = Math.floor(Date.now() / 1000);
⚠ Unsupported metadata viewport is configured in metadata export in /. Please move it to viewport export instead.
Read more: https://nextjs.org/docs/app/api-reference/functions/generate-viewport
[export-quote] Error: GOOGLE_SERVICE_ACCOUNT_EMAIL and GOOGLE_SERVICE_ACCOUNT_PRIVATE_KEY are required.
    at getAccessToken (lib\google-quote-export.ts:67:11)
    at exportQuoteToGoogleSheet (lib\google-quote-export.ts:256:23)
    at POST (app\api\export-quote\route.ts:15:50)
  65 |
  66 |   if (!clientEmail || !privateKey) {
> 67 |     throw new Error("GOOGLE_SERVICE_ACCOUNT_EMAIL and GOOGLE_SERVICE_ACCOUNT_PRIVATE_KEY are required.");
     |           ^
  68 |   }
  69 |
  70 |   const now = Math.floor(Date.now() / 1000);
[export-quote] Error: GOOGLE_SERVICE_ACCOUNT_EMAIL and GOOGLE_SERVICE_ACCOUNT_PRIVATE_KEY are required.
    at getAccessToken (lib\google-quote-export.ts:67:11)
    at exportQuoteToGoogleSheet (lib\google-quote-export.ts:256:23)
    at POST (app\api\export-quote\route.ts:15:50)
  65 |
  66 |   if (!clientEmail || !privateKey) {
> 67 |     throw new Error("GOOGLE_SERVICE_ACCOUNT_EMAIL and GOOGLE_SERVICE_ACCOUNT_PRIVATE_KEY are required.");
     |           ^
  68 |   }
  69 |
  70 |   const now = Math.floor(Date.now() / 1000);
[export-quote] Error: GOOGLE_SERVICE_ACCOUNT_EMAIL and GOOGLE_SERVICE_ACCOUNT_PRIVATE_KEY are required.
    at getAccessToken (lib\google-quote-export.ts:72:11)
    at exportQuoteToGoogleSheet (lib\google-quote-export.ts:295:23)
    at POST (app\api\export-quote\route.ts:15:50)
  70 |
  71 |   if (!clientEmail || !privateKey) {
> 72 |     throw new Error("GOOGLE_SERVICE_ACCOUNT_EMAIL and GOOGLE_SERVICE_ACCOUNT_PRIVATE_KEY are required.");
     |           ^
  73 |   }
  74 |
  75 |   const now = Math.floor(Date.now() / 1000);
[export-quote] Error: GOOGLE_SERVICE_ACCOUNT_EMAIL and GOOGLE_SERVICE_ACCOUNT_PRIVATE_KEY are required.
    at getAccessToken (lib\google-quote-export.ts:72:11)
    at exportQuoteToGoogleSheet (lib\google-quote-export.ts:292:23)
    at POST (app\api\export-quote\route.ts:15:50)
  70 |
  71 |   if (!clientEmail || !privateKey) {
> 72 |     throw new Error("GOOGLE_SERVICE_ACCOUNT_EMAIL and GOOGLE_SERVICE_ACCOUNT_PRIVATE_KEY are required.");
     |           ^
  73 |   }
  74 |
  75 |   const now = Math.floor(Date.now() / 1000);
⚠ Unsupported metadata viewport is configured in metadata export in /. Please move it to viewport export instead.
Read more: https://nextjs.org/docs/app/api-reference/functions/generate-viewport
⚠ Unsupported metadata viewport is configured in metadata export in /. Please move it to viewport export instead.
Read more: https://nextjs.org/docs/app/api-reference/functions/generate-viewport
⚠ Unsupported metadata viewport is configured in metadata export in /. Please move it to viewport export instead.
Read more: https://nextjs.org/docs/app/api-reference/functions/generate-viewport
⚠ Unsupported metadata viewport is configured in metadata export in /. Please move it to viewport export instead.
Read more: https://nextjs.org/docs/app/api-reference/functions/generate-viewport
⚠ Unsupported metadata viewport is configured in metadata export in /. Please move it to viewport export instead.
Read more: https://nextjs.org/docs/app/api-reference/functions/generate-viewport
⚠ Unsupported metadata viewport is configured in metadata export in /. Please move it to viewport export instead.
Read more: https://nextjs.org/docs/app/api-reference/functions/generate-viewport
⚠ Unsupported metadata viewport is configured in metadata export in /. Please move it to viewport export instead.
Read more: https://nextjs.org/docs/app/api-reference/functions/generate-viewport
⚠ Unsupported metadata viewport is configured in metadata export in /. Please move it to viewport export instead.
Read more: https://nextjs.org/docs/app/api-reference/functions/generate-viewport
⚠ Unsupported metadata viewport is configured in metadata export in /. Please move it to viewport export instead.
Read more: https://nextjs.org/docs/app/api-reference/functions/generate-viewport
⚠ Unsupported metadata viewport is configured in metadata export in /. Please move it to viewport export instead.
Read more: https://nextjs.org/docs/app/api-reference/functions/generate-viewport
